Archive member included to satisfy reference by file (symbol)

d:/arm/imt_arm_course/02- tools/03- imt sdk/imt_sdk_win_64/winarm/armgcc/bin/../lib/gcc/arm-none-eabi/7.2.1/../../../../arm-none-eabi/lib/thumb/v7-m\libg_nano.a(lib_a-errno.o)
                              ./system/src/newlib/_sbrk.o (__errno)
d:/arm/imt_arm_course/02- tools/03- imt sdk/imt_sdk_win_64/winarm/armgcc/bin/../lib/gcc/arm-none-eabi/7.2.1/../../../../arm-none-eabi/lib/thumb/v7-m\libg_nano.a(lib_a-impure.o)
                              d:/arm/imt_arm_course/02- tools/03- imt sdk/imt_sdk_win_64/winarm/armgcc/bin/../lib/gcc/arm-none-eabi/7.2.1/../../../../arm-none-eabi/lib/thumb/v7-m\libg_nano.a(lib_a-errno.o) (_impure_ptr)

Allocating common symbols
Common symbol       size              file

errno               0x4               ./system/src/newlib/_syscalls.o
GLO_u8BlBuffer      0x64              ./src/main.o

Discarded input sections

 .group         0x00000000        0xc ./system/src/stm32f1-stdperiph/misc.o
 .group         0x00000000        0xc ./system/src/stm32f1-stdperiph/misc.o
 .group         0x00000000        0xc ./system/src/stm32f1-stdperiph/misc.o
 .group         0x00000000        0xc ./system/src/stm32f1-stdperiph/misc.o
 .group         0x00000000        0xc ./system/src/stm32f1-stdperiph/misc.o
 .group         0x00000000        0xc ./system/src/stm32f1-stdperiph/misc.o
 .group         0x00000000        0xc ./system/src/stm32f1-stdperiph/misc.o
 .group         0x00000000        0xc ./system/src/stm32f1-stdperiph/misc.o
 .group         0x00000000        0xc ./system/src/stm32f1-stdperiph/misc.o
 .group         0x00000000        0xc ./system/src/stm32f1-stdperiph/misc.o
 .group         0x00000000        0xc ./system/src/stm32f1-stdperiph/misc.o
 .group         0x00000000        0xc ./system/src/stm32f1-stdperiph/misc.o
 .group         0x00000000        0xc ./system/src/stm32f1-stdperiph/misc.o
 .group         0x00000000        0xc ./system/src/stm32f1-stdperiph/misc.o
 .group         0x00000000        0xc ./system/src/stm32f1-stdperiph/misc.o
 .group         0x00000000        0xc ./system/src/stm32f1-stdperiph/misc.o
 .group         0x00000000        0xc ./system/src/stm32f1-stdperiph/misc.o
 .group         0x00000000        0xc ./system/src/stm32f1-stdperiph/misc.o
 .group         0x00000000        0xc ./system/src/stm32f1-stdperiph/misc.o
 .group         0x00000000        0xc ./system/src/stm32f1-stdperiph/misc.o
 .group         0x00000000        0xc ./system/src/stm32f1-stdperiph/misc.o
 .group         0x00000000        0xc ./system/src/stm32f1-stdperiph/misc.o
 .group         0x00000000        0xc ./system/src/stm32f1-stdperiph/misc.o
 .group         0x00000000        0xc ./system/src/stm32f1-stdperiph/misc.o
 .group         0x00000000        0xc ./system/src/stm32f1-stdperiph/misc.o
 .group         0x00000000        0xc ./system/src/stm32f1-stdperiph/misc.o
 .group         0x00000000        0xc ./system/src/stm32f1-stdperiph/misc.o
 .group         0x00000000        0xc ./system/src/stm32f1-stdperiph/misc.o
 .group         0x00000000        0xc ./system/src/stm32f1-stdperiph/misc.o
 .group         0x00000000        0xc ./system/src/stm32f1-stdperiph/misc.o
 .text          0x00000000        0x0 ./system/src/stm32f1-stdperiph/misc.o
 .data          0x00000000        0x0 ./system/src/stm32f1-stdperiph/misc.o
 .bss           0x00000000        0x0 ./system/src/stm32f1-stdperiph/misc.o
 .text.NVIC_PriorityGroupConfig
                0x00000000       0x40 ./system/src/stm32f1-stdperiph/misc.o
 .text.NVIC_Init
                0x00000000       0x98 ./system/src/stm32f1-stdperiph/misc.o
 .text.NVIC_SetVectorTable
                0x00000000       0x48 ./system/src/stm32f1-stdperiph/misc.o
 .text.NVIC_SystemLPConfig
                0x00000000       0x4c ./system/src/stm32f1-stdperiph/misc.o
 .text.SysTick_CLKSourceConfig
                0x00000000       0x3c ./system/src/stm32f1-stdperiph/misc.o
 .rodata.NVIC_PriorityGroupConfig.str1.4
                0x00000000       0x27 ./system/src/stm32f1-stdperiph/misc.o
 .debug_info    0x00000000      0x634 ./system/src/stm32f1-stdperiph/misc.o
 .debug_abbrev  0x00000000      0x194 ./system/src/stm32f1-stdperiph/misc.o
 .debug_loc     0x00000000      0x207 ./system/src/stm32f1-stdperiph/misc.o
 .debug_aranges
                0x00000000       0x40 ./system/src/stm32f1-stdperiph/misc.o
 .debug_ranges  0x00000000       0x30 ./system/src/stm32f1-stdperiph/misc.o
 .debug_macro   0x00000000      0x171 ./system/src/stm32f1-stdperiph/misc.o
 .debug_macro   0x00000000      0xa60 ./system/src/stm32f1-stdperiph/misc.o
 .debug_macro   0x00000000       0x50 ./system/src/stm32f1-stdperiph/misc.o
 .debug_macro   0x00000000      0x34e ./system/src/stm32f1-stdperiph/misc.o
 .debug_macro   0x00000000       0x35 ./system/src/stm32f1-stdperiph/misc.o
 .debug_macro   0x00000000       0x34 ./system/src/stm32f1-stdperiph/misc.o
[...]
Memory Configuration

Name             Origin             Length             Attributes
RAM              0x20000000         0x00005000         xrw
CCMRAM           0x00000000         0x00000000         xrw
FLASH            0x08000000         0x00001000         xr
FLASHB1          0x00000000         0x00000000         xr
EXTMEMB0         0x00000000         0x00000000         xr
EXTMEMB1         0x00000000         0x00000000         xr
EXTMEMB2         0x00000000         0x00000000         xr
EXTMEMB3         0x00000000         0x00000000         xr
MEMORY_ARRAY     0x00000000         0x00000000         xrw
*default*        0x00000000         0xffffffff

Linker script and memory map

LOAD ./system/src/stm32f1-stdperiph/misc.o
LOAD ./system/src/stm32f1-stdperiph/stm32f10x_gpio.o
LOAD ./system/src/stm32f1-stdperiph/stm32f10x_rcc.o
LOAD ./system/src/newlib/_cxx.o
LOAD ./system/src/newlib/_exit.o
LOAD ./system/src/newlib/_sbrk.o
LOAD ./system/src/newlib/_startup.o
LOAD ./system/src/newlib/_syscalls.o
LOAD ./system/src/newlib/assert.o
LOAD ./system/src/diag/Trace.o
LOAD ./system/src/diag/trace_impl.o
LOAD ./system/src/cortexm/_initialize_hardware.o
LOAD ./system/src/cortexm/_reset_hardware.o
LOAD ./system/src/cortexm/exception_handlers.o
LOAD ./system/src/cmsis/system_stm32f10x.o
LOAD ./system/src/cmsis/vectors_stm32f10x.o
LOAD ./src/FPEC_program.o
LOAD ./src/GPIO_program.o
LOAD ./src/Parse.o
LOAD ./src/RCC_program.o
LOAD ./src/STK_program.o
LOAD ./src/UART_program.o
LOAD ./src/main.o
LOAD d:/arm/imt_arm_course/02- tools/03- imt sdk/imt_sdk_win_64/winarm/armgcc/bin/../lib/gcc/arm-none-eabi/7.2.1/../../../../arm-none-eabi/lib/thumb/v7-m\libstdc++_nano.a
LOAD d:/arm/imt_arm_course/02- tools/03- imt sdk/imt_sdk_win_64/winarm/armgcc/bin/../lib/gcc/arm-none-eabi/7.2.1/../../../../arm-none-eabi/lib/thumb/v7-m\libm.a
START GROUP
LOAD d:/arm/imt_arm_course/02- tools/03- imt sdk/imt_sdk_win_64/winarm/armgcc/bin/../lib/gcc/arm-none-eabi/7.2.1/thumb/v7-m\libgcc.a
LOAD d:/arm/imt_arm_course/02- tools/03- imt sdk/imt_sdk_win_64/winarm/armgcc/bin/../lib/gcc/arm-none-eabi/7.2.1/../../../../arm-none-eabi/lib/thumb/v7-m\libg_nano.a
LOAD d:/arm/imt_arm_course/02- tools/03- imt sdk/imt_sdk_win_64/winarm/armgcc/bin/../lib/gcc/arm-none-eabi/7.2.1/../../../../arm-none-eabi/lib/thumb/v7-m\libc_nano.a
END GROUP
START GROUP
LOAD d:/arm/imt_arm_course/02- tools/03- imt sdk/imt_sdk_win_64/winarm/armgcc/bin/../lib/gcc/arm-none-eabi/7.2.1/thumb/v7-m\libgcc.a
LOAD d:/arm/imt_arm_course/02- tools/03- imt sdk/imt_sdk_win_64/winarm/armgcc/bin/../lib/gcc/arm-none-eabi/7.2.1/../../../../arm-none-eabi/lib/thumb/v7-m\libc_nano.a
END GROUP
                0x20005000                __stack = (ORIGIN (RAM) + LENGTH (RAM))
                0x20005000                _estack = __stack
                0x00000400                __Main_Stack_Size = 0x400
                [!provide]                PROVIDE (_Main_Stack_Size, __Main_Stack_Size)
                0x20004c00                __Main_Stack_Limit = (__stack - __Main_Stack_Size)
                [!provide]                PROVIDE (_Main_Stack_Limit, __Main_Stack_Limit)
                0x00000100                _Minimum_Stack_Size = 0x100
                0x20000178                PROVIDE (_Heap_Begin, _end_noinit)
                0x20004c00                PROVIDE (_Heap_Limit, (__stack - __Main_Stack_Size))

.isr_vector     0x08000000      0x294
 FILL mask 0xff
                0x08000000                __vectors_start = ABSOLUTE (.)
                0x08000000                __vectors_start__ = ABSOLUTE (.)
 *(.isr_vector)
 .isr_vector    0x08000000      0x10c ./system/src/cmsis/vectors_stm32f10x.o
                0x08000000                __isr_vectors
 *(.cfmconfig)
 *(.after_vectors .after_vectors.*)
 .after_vectors
                0x0800010c      0x114 ./system/src/newlib/_startup.o
                0x0800010c                _start
 .after_vectors
                0x08000220       0x70 ./system/src/cortexm/exception_handlers.o
                0x08000220                Reset_Handler
                0x08000226                NMI_Handler
                0x0800022a                HardFault_Handler
                0x0800023e                HardFault_Handler_C
                0x08000242                MemManage_Handler
                0x08000246                BusFault_Handler
                0x0800025a                BusFault_Handler_C
                0x0800025e                UsageFault_Handler
                0x08000272                UsageFault_Handler_C
                0x08000276                SVC_Handler
                0x0800027a                DebugMon_Handler
                0x0800027e                PendSV_Handler
 .after_vectors
                0x08000290        0x4 ./system/src/cmsis/vectors_stm32f10x.o
                0x08000290                EXTI2_IRQHandler
                0x08000290                TIM8_TRG_COM_IRQHandler
                0x08000290                TIM8_CC_IRQHandler
                0x08000290                TIM1_CC_IRQHandler
                0x08000290                TIM6_IRQHandler
                0x08000290                PVD_IRQHandler
                0x08000290                SDIO_IRQHandler
                0x08000290                CAN2_RX1_IRQHandler
                0x08000290                EXTI3_IRQHandler
                0x08000290                TIM8_TRG_COM_TIM14_IRQHandler
                0x08000290                TIM1_UP_TIM10_IRQHandler
                0x08000290                TIM8_UP_TIM13_IRQHandler
                0x08000290                EXTI0_IRQHandler
                0x08000290                I2C2_EV_IRQHandler
                0x08000290                CAN1_RX0_IRQHandler
                0x08000290                TIM1_UP_TIM16_IRQHandler
                0x08000290                CAN2_SCE_IRQHandler
                0x08000290                ADC1_2_IRQHandler
                0x08000290                SPI1_IRQHandler
                0x08000290                TAMPER_IRQHandler
                0x08000290                TIM6_DAC_IRQHandler
                0x08000290                TIM1_BRK_TIM9_IRQHandler
                0x08000290                CAN2_RX0_IRQHandler
                0x08000290                TIM8_UP_IRQHandler
                0x08000290                DMA2_Channel2_IRQHandler
                0x08000290                DMA1_Channel4_IRQHandler
                0x08000290                USART3_IRQHandler
                0x08000290                RTC_IRQHandler
                0x08000290                DMA1_Channel7_IRQHandler
                0x08000290                CAN1_RX1_IRQHandler
                0x08000290                UART5_IRQHandler
                0x08000290                ADC3_IRQHandler
                0x08000290                TIM4_IRQHandler
                0x08000290                DMA2_Channel1_IRQHandler
                0x08000290                I2C1_EV_IRQHandler
                0x08000290                DMA1_Channel6_IRQHandler
                0x08000290                UART4_IRQHandler
                0x08000290                DMA2_Channel4_IRQHandler
                0x08000290                TIM3_IRQHandler
                0x08000290                RCC_IRQHandler
                0x08000290                TIM8_BRK_TIM12_IRQHandler
                0x08000290                TIM1_TRG_COM_IRQHandler
                0x08000290                DMA1_Channel1_IRQHandler
                0x08000290                Default_Handler
                0x08000290                CEC_IRQHandler
                0x08000290                EXTI15_10_IRQHandler
                0x08000290                TIM14_IRQHandler
                0x08000290                TIM13_IRQHandler
                0x08000290                TIM12_IRQHandler
                0x08000290                TIM7_IRQHandler
                0x08000290                CAN2_TX_IRQHandler
                0x08000290                TIM5_IRQHandler
                0x08000290                EXTI9_5_IRQHandler
                0x08000290                ETH_WKUP_IRQHandler
                0x08000290                SPI2_IRQHandler
                0x08000290                CAN1_TX_IRQHandler
                0x08000290                DMA2_Channel5_IRQHandler
                0x08000290                DMA1_Channel5_IRQHandler
                0x08000290                EXTI4_IRQHandler
                0x08000290                USB_LP_CAN1_RX0_IRQHandler
                0x08000290                TIM1_TRG_COM_TIM17_IRQHandler
                0x08000290                USB_HP_CAN1_TX_IRQHandler
                0x08000290                DMA1_Channel3_IRQHandler
                0x08000290                FSMC_IRQHandler
                0x08000290                ETH_IRQHandler
                0x08000290                TIM1_UP_IRQHandler
                0x08000290                WWDG_IRQHandler
                0x08000290                TIM2_IRQHandler
                0x08000290                OTG_FS_WKUP_IRQHandler
                0x08000290                TIM1_TRG_COM_TIM11_IRQHandler
                0x08000290                TIM1_BRK_IRQHandler
                0x08000290                EXTI1_IRQHandler
                0x08000290                RTCAlarm_IRQHandler
                0x08000290                DMA2_Channel4_5_IRQHandler
                0x08000290                USART2_IRQHandler
                0x08000290                I2C2_ER_IRQHandler
                0x08000290                DMA1_Channel2_IRQHandler
                0x08000290                TIM8_BRK_IRQHandler
                0x08000290                CAN1_SCE_IRQHandler
                0x08000290                FLASH_IRQHandler
                0x08000290                OTG_FS_IRQHandler
                0x08000290                SPI3_IRQHandler
                0x08000290                I2C1_ER_IRQHandler
                0x08000290                USBWakeUp_IRQHandler
                0x08000290                DMA2_Channel3_IRQHandler
                0x08000290                TIM1_BRK_TIM15_IRQHandler

.inits          0x08000294       0x28
                0x08000294                __data_regions_array_start = .
                0x08000294        0x4 LONG 0x8000adc LOADADDR (.data)
                0x08000298        0x4 LONG 0x20000000 ADDR (.data)
                0x0800029c        0x4 LONG 0x2000002c (ADDR (.data) + SIZEOF (.data))
                0x080002a0        0x4 LONG 0x8000adc LOADADDR (.data_CCMRAM)
                0x080002a4        0x4 LONG 0x0 ADDR (.data_CCMRAM)
                0x080002a8        0x4 LONG 0x0 (ADDR (.data_CCMRAM) + SIZEOF (.data_CCMRAM))
                0x080002ac                __data_regions_array_end = .
                0x080002ac                __bss_regions_array_start = .
                0x080002ac        0x4 LONG 0x2000002c ADDR (.bss)
                0x080002b0        0x4 LONG 0x20000178 (ADDR (.bss) + SIZEOF (.bss))
                0x080002b4        0x4 LONG 0x0 ADDR (.bss_CCMRAM)
                0x080002b8        0x4 LONG 0x0 (ADDR (.bss_CCMRAM) + SIZEOF (.bss_CCMRAM))
                0x080002bc                __bss_regions_array_end = .
 *(.init)
 *(.fini)
                0x080002bc                . = ALIGN (0x4)
                0x080002bc                PROVIDE (__preinit_array_start, .)
 *(.preinit_array_sysinit .preinit_array_sysinit.*)
 *(.preinit_array_platform .preinit_array_platform.*)
 *(.preinit_array .preinit_array.*)
                0x080002bc                PROVIDE (__preinit_array_end, .)
                0x080002bc                . = ALIGN (0x4)
                0x080002bc                PROVIDE (__init_array_start, .)
 *(SORT_BY_NAME(.init_array.*))
 *(.init_array)
                0x080002bc                PROVIDE (__init_array_end, .)
                0x080002bc                . = ALIGN (0x4)
                0x080002bc                PROVIDE (__fini_array_start, .)
 *(SORT_BY_NAME(.fini_array.*))
 *(.fini_array)
                0x080002bc                PROVIDE (__fini_array_end, .)

.flashtext
 *(.flashtext .flashtext.*)

.text           0x080002bc      0x820
 *(.text .text.*)
 .text._exit    0x080002bc        0x2 ./system/src/newlib/_exit.o
                0x080002bc                _exit
 *fill*         0x080002be        0x2 
 .text.__initialize_args
                0x080002c0       0x10 ./system/src/newlib/_syscalls.o
                0x080002c0                __initialize_args
 .text.__initialize_hardware_early
                0x080002d0       0x18 ./system/src/cortexm/_initialize_hardware.o
                0x080002d0                __initialize_hardware_early
 .text.__initialize_hardware
                0x080002e8        0x8 ./system/src/cortexm/_initialize_hardware.o
                0x080002e8                __initialize_hardware
 .text.SetSysClockTo72
                0x080002f0       0xc4 ./system/src/cmsis/system_stm32f10x.o
 .text.SetSysClock
                0x080003b4        0x8 ./system/src/cmsis/system_stm32f10x.o
 .text.SystemInit
                0x080003bc       0x50 ./system/src/cmsis/system_stm32f10x.o
                0x080003bc                SystemInit
 .text.SystemCoreClockUpdate
                0x0800040c       0x94 ./system/src/cmsis/system_stm32f10x.o
                0x0800040c                SystemCoreClockUpdate
 .text.MFPEC_voidEraseFlashPage
                0x080004a0       0x60 ./src/FPEC_program.o
                0x080004a0                MFPEC_voidEraseFlashPage
 .text.MFPEC_voidEraseAppArea
                0x08000500       0x16 ./src/FPEC_program.o
                0x08000500                MFPEC_voidEraseAppArea
 *fill*         0x08000516        0x2 
 .text.MFPEC_voidWriteToFlash
                0x08000518       0x78 ./src/FPEC_program.o
                0x08000518                MFPEC_voidWriteToFlash
 .text.MGPIO_voidSetPinMode
                0x08000590      0x108 ./src/GPIO_program.o
                0x08000590                MGPIO_voidSetPinMode
 .text.AsciToHex
                0x08000698       0x14 ./src/Parse.o
                0x08000698                AsciToHex
 .text.ParseData
                0x080006ac       0xc0 ./src/Parse.o
                0x080006ac                ParseData
 .text.ParseUpperAddress
                0x0800076c       0x40 ./src/Parse.o
                0x0800076c                ParseUpperAddress
 .text.Parser_voidParseRecord
                0x080007ac       0x1a ./src/Parse.o
                0x080007ac                Parser_voidParseRecord
 *fill*         0x080007c6        0x2 
 .text.MRCC_voidInitClockSystem
                0x080007c8       0x58 ./src/RCC_program.o
                0x080007c8                MRCC_voidInitClockSystem
 .text.MRCC_voidEnablePreipheralClock
                0x08000820       0x48 ./src/RCC_program.o
                0x08000820                MRCC_voidEnablePreipheralClock
 .text.MSTK_voidInit
                0x08000868       0x20 ./src/STK_program.o
                0x08000868                MSTK_voidInit
 .text.MSTK_voidSetIntervalSingle
                0x08000888       0x3c ./src/STK_program.o
                0x08000888                MSTK_voidSetIntervalSingle
 .text.MSTK_voidSetIntervalStop
                0x080008c4       0x28 ./src/STK_program.o
                0x080008c4                MSTK_voidSetIntervalStop
 .text.SysTick_Handler
                0x080008ec       0x40 ./src/STK_program.o
                0x080008ec                SysTick_Handler
 .text.MUART_voidInit
                0x0800092c       0x3c ./src/UART_program.o
                0x0800092c                MUART_voidInit
 .text.MUART_voidSendSync
                0x08000968       0x1c ./src/UART_program.o
                0x08000968                MUART_voidSendSync
 .text.MUART_u8RecievePeriodic
                0x08000984       0x24 ./src/UART_program.o
                0x08000984                MUART_u8RecievePeriodic
 .text.USART1_IRQHandler
                0x080009a8       0x50 ./src/UART_program.o
                0x080009a8                USART1_IRQHandler
 .text.BL_JmupToApplicaation
                0x080009f8       0x24 ./src/main.o
                0x080009f8                BL_JmupToApplicaation
 .text.main     0x08000a1c       0xc0 ./src/main.o
                0x08000a1c                main
 *(.rodata .rodata.* .constdata .constdata.*)
 *(vtable)
 *(.eh_frame*)
 *(.glue_7)
 .glue_7        0x08000adc        0x0 linker stubs
 *(.glue_7t)
 .glue_7t       0x08000adc        0x0 linker stubs

.vfp11_veneer   0x08000adc        0x0
 .vfp11_veneer  0x08000adc        0x0 linker stubs

.v4_bx          0x08000adc        0x0
 .v4_bx         0x08000adc        0x0 linker stubs

.iplt           0x08000adc        0x0
 .iplt          0x08000adc        0x0 ./system/src/newlib/_exit.o

.rel.dyn        0x08000adc        0x0
 .rel.iplt      0x08000adc        0x0 ./system/src/newlib/_exit.o

.ARM.extab
 *(.ARM.extab* .gnu.linkonce.armextab.*)
                0x08000adc                . = ALIGN (0x4)
                0x08000adc                __exidx_start = .

.ARM.exidx
 *(.ARM.exidx* .gnu.linkonce.armexidx.*)
                0x08000adc                __exidx_end = .
                0x08000adc                . = ALIGN (0x4)
                0x08000adc                _etext = .
                0x08000adc                __etext = .

.data_CCMRAM    0x00000000        0x0 load address 0x08000adc
 FILL mask 0xff
 *(.data.CCMRAM .data.CCMRAM.*)
                0x00000000                . = ALIGN (0x4)
                0x08000adc                _sidata = LOADADDR (.data)

.data           0x20000000       0x2c load address 0x08000adc
 FILL mask 0xff
                0x20000000                _sdata = .
                0x20000000                __data_start__ = .
 *(.data_begin .data_begin.*)
 .data_begin    0x20000000        0x4 ./system/src/newlib/_startup.o
 *(.data .data.*)
 .data.argv.4310
                0x20000004        0x8 ./system/src/newlib/_syscalls.o
 .data.AHBPrescTable
                0x2000000c       0x10 ./system/src/cmsis/system_stm32f10x.o
                0x2000000c                AHBPrescTable
 .data.SystemCoreClock
                0x2000001c        0x4 ./system/src/cmsis/system_stm32f10x.o
                0x2000001c                SystemCoreClock
 .data.Address  0x20000020        0x4 ./src/Parse.o
                0x20000020                Address
 .data.STK_u8RunningMode
                0x20000024        0x1 ./src/STK_program.o
 .data.GLO_u8FirstRecord
                0x20000025        0x1 ./src/main.o
                0x20000025                GLO_u8FirstRecord
 *(.data_end .data_end.*)
 *fill*         0x20000026        0x2 ff
 .data_end      0x20000028        0x4 ./system/src/newlib/_startup.o
                0x2000002c                . = ALIGN (0x4)
                0x2000002c                _edata = .
                0x2000002c                __data_end__ = .

.igot.plt       0x2000002c        0x0 load address 0x08000b08
 .igot.plt      0x2000002c        0x0 ./system/src/newlib/_exit.o

.bss_CCMRAM     0x00000000        0x0
 *(.bss.CCMRAM .bss.CCMRAM.*)

.bss            0x2000002c      0x14c
                0x2000002c                __bss_start__ = .
                0x2000002c                _sbss = .
 *(.bss_begin .bss_begin.*)
 .bss_begin     0x2000002c        0x4 ./system/src/newlib/_startup.o
 *(.bss .bss.*)
 .bss.name.4309
                0x20000030        0x1 ./system/src/newlib/_syscalls.o
 *fill*         0x20000031        0x3 
 .bss.Data      0x20000034       0xc8 ./src/Parse.o
                0x20000034                Data
 .bss.STK_ptrFunc
                0x200000fc        0x4 ./src/STK_program.o
 .bss.Fptr_Rx   0x20000100        0x4 ./src/UART_program.o
 .bss.Fptr_Tx   0x20000104        0x4 ./src/UART_program.o
 .bss.GLO_u8BufferCounter
                0x20000108        0x1 ./src/main.o
                0x20000108                GLO_u8BufferCounter
 .bss.GLO_u8TimeoutFlag
                0x20000109        0x1 ./src/main.o
                0x20000109                GLO_u8TimeoutFlag
 *fill*         0x2000010a        0x2 
 .bss.addr_to_call
                0x2000010c        0x4 ./src/main.o
                0x2000010c                addr_to_call
 *(COMMON)
 COMMON         0x20000110       0x64 ./src/main.o
                0x20000110                GLO_u8BlBuffer
 *(.bss_end .bss_end.*)
 .bss_end       0x20000174        0x4 ./system/src/newlib/_startup.o
                0x20000178                . = ALIGN (0x4)
                0x20000178                __bss_end__ = .
                0x20000178                _ebss = .

.noinit_CCMRAM
 *(.noinit.CCMRAM .noinit.CCMRAM.*)

.noinit         0x20000178        0x0
                0x20000178                _noinit = .
 *(.noinit .noinit.*)
                0x20000178                . = ALIGN (0x4)
                0x20000178                _end_noinit = .
                [!provide]                PROVIDE (end, _end_noinit)
                [!provide]                PROVIDE (_end, _end_noinit)
                [!provide]                PROVIDE (__end, _end_noinit)
                [!provide]                PROVIDE (__end__, _end_noinit)

._check_stack   0x20000178      0x100
                0x20000278                . = (. + _Minimum_Stack_Size)
 *fill*         0x20000178      0x100 

.b1text
 *(.b1text)
 *(.b1rodata)
 *(.b1rodata.*)

.eb0text
 *(.eb0text)
 *(.eb0rodata)
 *(.eb0rodata.*)

.eb1text
 *(.eb1text)
 *(.eb1rodata)
 *(.eb1rodata.*)

.eb2text
 *(.eb2text)
 *(.eb2rodata)
 *(.eb2rodata.*)

.eb3text
 *(.eb3text)
 *(.eb3rodata)
 *(.eb3rodata.*)

.stab
 *(.stab)

.stabstr
 *(.stabstr)

.stab.excl
 *(.stab.excl)

.stab.exclstr
 *(.stab.exclstr)

.stab.index
 *(.stab.index)

.stab.indexstr
 *(.stab.indexstr)

.comment        0x00000000       0x7e
 *(.comment)
 .comment       0x00000000       0x7e ./system/src/newlib/_exit.o
                                 0x7f (size before relaxing)
 .comment       0x0000007e       0x7f ./system/src/newlib/_startup.o
 .comment       0x0000007e       0x7f ./system/src/newlib/_syscalls.o
 .comment       0x0000007e       0x7f ./system/src/cortexm/_initialize_hardware.o
 .comment       0x0000007e       0x7f ./system/src/cortexm/exception_handlers.o
 .comment       0x0000007e       0x7f ./system/src/cmsis/system_stm32f10x.o
 .comment       0x0000007e       0x7f ./system/src/cmsis/vectors_stm32f10x.o
 .comment       0x0000007e       0x7f ./src/FPEC_program.o
 .comment       0x0000007e       0x7f ./src/GPIO_program.o
 .comment       0x0000007e       0x7f ./src/Parse.o
 .comment       0x0000007e       0x7f ./src/RCC_program.o
 .comment       0x0000007e       0x7f ./src/STK_program.o
 .comment       0x0000007e       0x7f ./src/UART_program.o
 .comment       0x0000007e       0x7f ./src/main.o

.ARM.attributes
                0x00000000       0x33
 .ARM.attributes
                0x00000000       0x33 ./system/src/newlib/_exit.o
 .ARM.attributes
                0x00000033       0x33 ./system/src/newlib/_startup.o
 .ARM.attributes
                0x00000066       0x33 ./system/src/newlib/_syscalls.o
 .ARM.attributes
                0x00000099       0x33 ./system/src/cortexm/_initialize_hardware.o
 .ARM.attributes
                0x000000cc       0x33 ./system/src/cortexm/exception_handlers.o
 .ARM.attributes
                0x000000ff       0x33 ./system/src/cmsis/system_stm32f10x.o
 .ARM.attributes
                0x00000132       0x33 ./system/src/cmsis/vectors_stm32f10x.o
 .ARM.attributes
                0x00000165       0x33 ./src/FPEC_program.o
 .ARM.attributes
                0x00000198       0x33 ./src/GPIO_program.o
 .ARM.attributes
                0x000001cb       0x33 ./src/Parse.o
 .ARM.attributes
                0x000001fe       0x33 ./src/RCC_program.o
 .ARM.attributes
                0x00000231       0x33 ./src/STK_program.o
 .ARM.attributes
                0x00000264       0x33 ./src/UART_program.o
 .ARM.attributes
                0x00000297       0x33 ./src/main.o

.debug
 *(.debug)

.line
 *(.line)

.debug_srcinfo
 *(.debug_srcinfo)

.debug_sfnames
 *(.debug_sfnames)

.debug_aranges  0x00000000      0x370
 *(.debug_aranges)
 .debug_aranges
                0x00000000       0x28 ./system/src/newlib/_exit.o
 .debug_aranges
                0x00000028       0x40 ./system/src/newlib/_startup.o
 .debug_aranges
                0x00000068       0x30 ./system/src/newlib/_syscalls.o
 .debug_aranges
                0x00000098       0x28 ./system/src/cortexm/_initialize_hardware.o
 .debug_aranges
                0x000000c0       0x80 ./system/src/cortexm/exception_handlers.o
 .debug_aranges
                0x00000140       0x38 ./system/src/cmsis/system_stm32f10x.o
 .debug_aranges
                0x00000178       0x20 ./system/src/cmsis/vectors_stm32f10x.o
 .debug_aranges
                0x00000198       0x30 ./src/FPEC_program.o
 .debug_aranges
                0x000001c8       0x50 ./src/GPIO_program.o
 .debug_aranges
                0x00000218       0x38 ./src/Parse.o
 .debug_aranges
                0x00000250       0x30 ./src/RCC_program.o
 .debug_aranges
                0x00000280       0x58 ./src/STK_program.o
 .debug_aranges
                0x000002d8       0x70 ./src/UART_program.o
 .debug_aranges
                0x00000348       0x28 ./src/main.o

.debug_pubnames
 *(.debug_pubnames)

.debug_info     0x00000000     0x3c00
 *(.debug_info .gnu.linkonce.wi.*)
 .debug_info    0x00000000      0x94a ./system/src/newlib/_exit.o
 .debug_info    0x0000094a      0x42e ./system/src/newlib/_startup.o
 .debug_info    0x00000d78      0xa19 ./system/src/newlib/_syscalls.o
 .debug_info    0x00001791      0x2b5 ./system/src/cortexm/_initialize_hardware.o
 .debug_info    0x00001a46      0xae8 ./system/src/cortexm/exception_handlers.o
 .debug_info    0x0000252e      0x494 ./system/src/cmsis/system_stm32f10x.o
 .debug_info    0x000029c2       0xca ./system/src/cmsis/vectors_stm32f10x.o
 .debug_info    0x00002a8c      0x1b2 ./src/FPEC_program.o
 .debug_info    0x00002c3e      0x3fa ./src/GPIO_program.o
 .debug_info    0x00003038      0x2d4 ./src/Parse.o
 .debug_info    0x0000330c       0xe2 ./src/RCC_program.o
 .debug_info    0x000033ee      0x172 ./src/STK_program.o
 .debug_info    0x00003560      0x2dd ./src/UART_program.o
 .debug_info    0x0000383d      0x3c3 ./src/main.o

.debug_abbrev   0x00000000     0x1195
 *(.debug_abbrev)
 .debug_abbrev  0x00000000      0x1f5 ./system/src/newlib/_exit.o
 .debug_abbrev  0x000001f5      0x1b3 ./system/src/newlib/_startup.o
 .debug_abbrev  0x000003a8      0x234 ./system/src/newlib/_syscalls.o
 .debug_abbrev  0x000005dc       0xea ./system/src/cortexm/_initialize_hardware.o
 .debug_abbrev  0x000006c6      0x23a ./system/src/cortexm/exception_handlers.o
 .debug_abbrev  0x00000900      0x177 ./system/src/cmsis/system_stm32f10x.o
 .debug_abbrev  0x00000a77       0x9d ./system/src/cmsis/vectors_stm32f10x.o
 .debug_abbrev  0x00000b14       0xed ./src/FPEC_program.o
 .debug_abbrev  0x00000c01       0xe8 ./src/GPIO_program.o
 .debug_abbrev  0x00000ce9      0x100 ./src/Parse.o
 .debug_abbrev  0x00000de9       0x6e ./src/RCC_program.o
 .debug_abbrev  0x00000e57       0xd7 ./src/STK_program.o
 .debug_abbrev  0x00000f2e      0x16a ./src/UART_program.o
 .debug_abbrev  0x00001098       0xfd ./src/main.o

.debug_line     0x00000000     0x23da
 *(.debug_line)
 .debug_line    0x00000000      0x39a ./system/src/newlib/_exit.o
 .debug_line    0x0000039a      0x409 ./system/src/newlib/_startup.o
 .debug_line    0x000007a3      0x478 ./system/src/newlib/_syscalls.o
 .debug_line    0x00000c1b      0x387 ./system/src/cortexm/_initialize_hardware.o
 .debug_line    0x00000fa2      0x6df ./system/src/cortexm/exception_handlers.o
 .debug_line    0x00001681      0x3fa ./system/src/cmsis/system_stm32f10x.o
 .debug_line    0x00001a7b      0x113 ./system/src/cmsis/vectors_stm32f10x.o
 .debug_line    0x00001b8e      0x11a ./src/FPEC_program.o
 .debug_line    0x00001ca8      0x1a9 ./src/GPIO_program.o
 .debug_line    0x00001e51       0xeb ./src/Parse.o
 .debug_line    0x00001f3c       0xde ./src/RCC_program.o
 .debug_line    0x0000201a      0x13d ./src/STK_program.o
 .debug_line    0x00002157      0x17e ./src/UART_program.o
 .debug_line    0x000022d5      0x105 ./src/main.o

.debug_frame    0x00000000      0x620
 *(.debug_frame)
 .debug_frame   0x00000000       0x38 ./system/src/newlib/_exit.o
 .debug_frame   0x00000038       0x7c ./system/src/newlib/_startup.o
 .debug_frame   0x000000b4       0x50 ./system/src/newlib/_syscalls.o
 .debug_frame   0x00000104       0x40 ./system/src/cortexm/_initialize_hardware.o
 .debug_frame   0x00000144       0xe8 ./system/src/cortexm/exception_handlers.o
 .debug_frame   0x0000022c       0x6c ./system/src/cmsis/system_stm32f10x.o
 .debug_frame   0x00000298       0x20 ./system/src/cmsis/vectors_stm32f10x.o
 .debug_frame   0x000002b8       0x5c ./src/FPEC_program.o
 .debug_frame   0x00000314       0xac ./src/GPIO_program.o
 .debug_frame   0x000003c0       0x80 ./src/Parse.o
 .debug_frame   0x00000440       0x40 ./src/RCC_program.o
 .debug_frame   0x00000480       0x98 ./src/STK_program.o
 .debug_frame   0x00000518       0xc8 ./src/UART_program.o
 .debug_frame   0x000005e0       0x40 ./src/main.o

.debug_str      0x00000000    0x56ce3
 *(.debug_str)
 .debug_str     0x00000000     0x7cff ./system/src/newlib/_exit.o
                               0x7ec3 (size before relaxing)
 .debug_str     0x00007cff      0xbbd ./system/src/newlib/_startup.o
                               0x69b0 (size before relaxing)
 .debug_str     0x000088bc     0x1311 ./system/src/newlib/_syscalls.o
                               0x8150 (size before relaxing)
 .debug_str     0x00009bcd    0x4b01b ./system/src/cortexm/_initialize_hardware.o
                              0x4e812 (size before relaxing)
 .debug_str     0x00054be8      0x1db ./system/src/cortexm/exception_handlers.o
                              0x53927 (size before relaxing)
 .debug_str     0x00054dc3      0x107 ./system/src/cmsis/system_stm32f10x.o
                              0x4e8ac (size before relaxing)
 .debug_str     0x00054eca       0x57 ./system/src/cmsis/vectors_stm32f10x.o
                               0x3851 (size before relaxing)
 .debug_str     0x00054f21      0x564 ./src/FPEC_program.o
                               0x32b3 (size before relaxing)
 .debug_str     0x00055485      0x7fa ./src/GPIO_program.o
                               0x3926 (size before relaxing)
 .debug_str     0x00055c7f       0xb2 ./src/Parse.o
                               0x3228 (size before relaxing)
 .debug_str     0x00055d31      0x86f ./src/RCC_program.o
                               0x399b (size before relaxing)
 .debug_str     0x000565a0      0x24d ./src/STK_program.o
                               0x3389 (size before relaxing)
 .debug_str     0x000567ed      0x435 ./src/UART_program.o
                               0x356e (size before relaxing)
 .debug_str     0x00056c22       0xc1 ./src/main.o
                               0x379e (size before relaxing)

.debug_loc      0x00000000      0xe37
 *(.debug_loc)
 .debug_loc     0x00000000      0x1a9 ./system/src/newlib/_startup.o
 .debug_loc     0x000001a9       0x63 ./system/src/newlib/_syscalls.o
 .debug_loc     0x0000020c       0xdf ./system/src/cmsis/system_stm32f10x.o
 .debug_loc     0x000002eb       0x87 ./src/FPEC_program.o
 .debug_loc     0x00000372      0x68a ./src/GPIO_program.o
 .debug_loc     0x000009fc      0x21d ./src/Parse.o
 .debug_loc     0x00000c19      0x14c ./src/RCC_program.o
 .debug_loc     0x00000d65       0xb3 ./src/UART_program.o
 .debug_loc     0x00000e18       0x1f ./src/main.o

.debug_macinfo
 *(.debug_macinfo)

.debug_weaknames
 *(.debug_weaknames)

.debug_funcnames
 *(.debug_funcnames)

.debug_typenames
 *(.debug_typenames)

.debug_varnames
 *(.debug_varnames)
OUTPUT(Uart_Bootloader.elf elf32-littlearm)

.debug_ranges   0x00000000      0x2d8
 .debug_ranges  0x00000000       0x18 ./system/src/newlib/_exit.o
 .debug_ranges  0x00000018       0x78 ./system/src/newlib/_startup.o
 .debug_ranges  0x00000090       0x20 ./system/src/newlib/_syscalls.o
 .debug_ranges  0x000000b0       0x18 ./system/src/cortexm/_initialize_hardware.o
 .debug_ranges  0x000000c8       0x70 ./system/src/cortexm/exception_handlers.o
 .debug_ranges  0x00000138       0x28 ./system/src/cmsis/system_stm32f10x.o
 .debug_ranges  0x00000160       0x10 ./system/src/cmsis/vectors_stm32f10x.o
 .debug_ranges  0x00000170       0x20 ./src/FPEC_program.o
 .debug_ranges  0x00000190       0x40 ./src/GPIO_program.o
 .debug_ranges  0x000001d0       0x28 ./src/Parse.o
 .debug_ranges  0x000001f8       0x20 ./src/RCC_program.o
 .debug_ranges  0x00000218       0x48 ./src/STK_program.o
 .debug_ranges  0x00000260       0x60 ./src/UART_program.o
 .debug_ranges  0x000002c0       0x18 ./src/main.o

.debug_macro    0x00000000     0x1eb4
 .debug_macro   0x00000000      0x1b4 ./system/src/newlib/_exit.o
 .debug_macro   0x000001b4       0x9c ./system/src/newlib/_exit.o
 .debug_macro   0x00000250      0x10e ./system/src/newlib/_exit.o
 .debug_macro   0x0000035e       0x8d ./system/src/newlib/_exit.o
 .debug_macro   0x000003eb       0x43 ./system/src/newlib/_exit.o
 .debug_macro   0x0000042e      0x330 ./system/src/newlib/_exit.o
 .debug_macro   0x0000075e       0x35 ./system/src/newlib/_exit.o
 .debug_macro   0x00000793      0x173 ./system/src/newlib/_startup.o
 .debug_macro   0x00000906      0x217 ./system/src/newlib/_syscalls.o
 .debug_macro   0x00000b1d       0x1c ./system/src/newlib/_syscalls.o
 .debug_macro   0x00000b39       0x10 ./system/src/newlib/_syscalls.o
 .debug_macro   0x00000b49       0x10 ./system/src/newlib/_syscalls.o
 .debug_macro   0x00000b59       0x10 ./system/src/newlib/_syscalls.o
 .debug_macro   0x00000b69       0x35 ./system/src/newlib/_syscalls.o
 .debug_macro   0x00000b9e      0x122 ./system/src/newlib/_syscalls.o
 .debug_macro   0x00000cc0       0x88 ./system/src/newlib/_syscalls.o
 .debug_macro   0x00000d48       0x2b ./system/src/newlib/_syscalls.o
 .debug_macro   0x00000d73      0x118 ./system/src/newlib/_syscalls.o
 .debug_macro   0x00000e8b      0x189 ./system/src/newlib/_syscalls.o
 .debug_macro   0x00001014       0x16 ./system/src/newlib/_syscalls.o
 .debug_macro   0x0000102a      0x16b ./system/src/cortexm/_initialize_hardware.o
 .debug_macro   0x00001195      0x324 ./system/src/cortexm/exception_handlers.o
 .debug_macro   0x000014b9       0x3b ./system/src/cortexm/exception_handlers.o
 .debug_macro   0x000014f4       0x22 ./system/src/cortexm/exception_handlers.o
 .debug_macro   0x00001516       0x10 ./system/src/cortexm/exception_handlers.o
 .debug_macro   0x00001526       0xcf ./system/src/cortexm/exception_handlers.o
 .debug_macro   0x000015f5       0xbe ./system/src/cortexm/exception_handlers.o
 .debug_macro   0x000016b3       0x10 ./system/src/cortexm/exception_handlers.o
 .debug_macro   0x000016c3      0x16e ./system/src/cmsis/system_stm32f10x.o
 .debug_macro   0x00001831       0x34 ./system/src/cmsis/vectors_stm32f10x.o
 .debug_macro   0x00001865       0x40 ./src/FPEC_program.o
 .debug_macro   0x000018a5       0x10 ./src/FPEC_program.o
 .debug_macro   0x000018b5       0x64 ./src/FPEC_program.o
 .debug_macro   0x00001919       0x16 ./src/FPEC_program.o
 .debug_macro   0x0000192f       0x40 ./src/GPIO_program.o
 .debug_macro   0x0000196f       0x9a ./src/GPIO_program.o
 .debug_macro   0x00001a09       0x2d ./src/Parse.o
 .debug_macro   0x00001a36       0x3e ./src/RCC_program.o
 .debug_macro   0x00001a74      0x13c ./src/RCC_program.o
 .debug_macro   0x00001bb0      0x124 ./src/RCC_program.o
 .debug_macro   0x00001cd4       0x22 ./src/RCC_program.o
 .debug_macro   0x00001cf6       0x3f ./src/STK_program.o
 .debug_macro   0x00001d35       0x40 ./src/STK_program.o
 .debug_macro   0x00001d75       0x10 ./src/STK_program.o
 .debug_macro   0x00001d85       0x3f ./src/UART_program.o
 .debug_macro   0x00001dc4       0x58 ./src/UART_program.o
 .debug_macro   0x00001e1c       0x34 ./src/UART_program.o
 .debug_macro   0x00001e50       0x64 ./src/main.o
